Archive member included to satisfy reference by file (symbol)

.pio\build\328p8m\libaf3\libWire.a(Wire.cpp.o)
                              .pio\build\328p8m\src\main.cpp.o (symbol from plugin) (Wire)
.pio\build\328p8m\libaf3\libWire.a(twi.c.o)
                              Wire.cpp.o (symbol from plugin) (twi_init)
.pio\build\328p8m\libeab\libRTClib.a(RTC_DS3231.cpp.o)
                              .pio\build\328p8m\src\main.cpp.o (symbol from plugin) (_ZN10RTC_DS32315beginEP7TwoWire)
.pio\build\328p8m\libeab\libRTClib.a(RTClib.cpp.o)
                              RTC_DS3231.cpp.o (symbol from plugin) (_ZN7RTC_I2C14write_registerEhh)
.pio\build\328p8m\lib888\libbattery.a(battery_monitor.cpp.o)
                              .pio\build\328p8m\src\main.cpp.o (symbol from plugin) (_Z19batteryMonitorBeginv)
.pio\build\328p8m\libf61\libepd.a(epd2in9_V2.cpp.o)
                              .pio\build\328p8m\src\main.cpp.o (symbol from plugin) (_ZN3EpdD1Ev)
.pio\build\328p8m\libf61\libepd.a(epdif.cpp.o)
                              epd2in9_V2.cpp.o (symbol from plugin) (_ZN5EpdIfC2Ev)
.pio\build\328p8m\libf61\libepd.a(epdpaint.cpp.o)
                              .pio\build\328p8m\src\main.cpp.o (symbol from plugin) (_ZN5PaintC1EPhii)
.pio\build\328p8m\libf61\libepd.a(font20.cpp.o)
                              .pio\build\328p8m\src\main.cpp.o (symbol from plugin) (Font20)
.pio\build\328p8m\libf61\libepd.a(SoftSPI.cpp.o)
                              epdif.cpp.o (symbol from plugin) (_ZN7SoftSPIC1Ehhh)
.pio\build\328p8m\libc93\libeeprom_utils.a(eeprom_utils.cpp.o)
                              .pio\build\328p8m\src\main.cpp.o (symbol from plugin) (_Z22eepromLoadTotalMinutesRm)
.pio\build\328p8m\libd87\libdisplay_utils.a(display_utils.cpp.o)
                              .pio\build\328p8m\src\main.cpp.o (symbol from plugin) (_Z18initCountdownPaneli)
.pio\build\328p8m\libFrameworkArduino.a(HardwareSerial.cpp.o)
                              .pio\build\328p8m\src\main.cpp.o (symbol from plugin) (_ZN14HardwareSerial9availableEv)
.pio\build\328p8m\libFrameworkArduino.a(HardwareSerial0.cpp.o)
                              .pio\build\328p8m\src\main.cpp.o (symbol from plugin) (Serial)
.pio\build\328p8m\libFrameworkArduino.a(Print.cpp.o)
                              HardwareSerial.cpp.o (symbol from plugin) (_ZN5Print5writeEPKhj)
.pio\build\328p8m\libFrameworkArduino.a(WString.cpp.o)
                              RTClib.cpp.o (symbol from plugin) (_ZN6StringC1EPKc)
.pio\build\328p8m\libFrameworkArduino.a(abi.cpp.o)
                              Print.cpp.o (symbol from plugin) (__cxa_pure_virtual)
.pio\build\328p8m\libFrameworkArduino.a(main.cpp.o)
                              c:/users/zcq/.platformio/packages/toolchain-atmelavr/bin/../lib/gcc/avr/7.3.0/../../../../avr/lib/avr5/crtatmega328p.o (main)
.pio\build\328p8m\libFrameworkArduino.a(new.cpp.o)
                              RTC_DS3231.cpp.o (symbol from plugin) (_Znwj)
.pio\build\328p8m\libFrameworkArduino.a(wiring.c.o)
                              .pio\build\328p8m\src\main.cpp.o (symbol from plugin) (millis)
.pio\build\328p8m\libFrameworkArduino.a(wiring_analog.c.o)
                              battery_monitor.cpp.o (symbol from plugin) (analogReference)
.pio\build\328p8m\libFrameworkArduino.a(wiring_digital.c.o)
                              .pio\build\328p8m\src\main.cpp.o (symbol from plugin) (pinMode)
.pio\build\328p8m\libFrameworkArduino.a(hooks.c.o)
                              wiring.c.o (symbol from plugin) (yield)
.pio\build\328p8m\lib824\libAdafruit BusIO.a(Adafruit_I2CDevice.cpp.o)
                              RTC_DS3231.cpp.o (symbol from plugin) (_ZN18Adafruit_I2CDeviceC1EhP7TwoWire)
.pio\build\328p8m\libf61\libepd.a(front00.cpp.o)
                              display_utils.cpp.o (symbol from plugin) (Font00)
.pio\build\328p8m\libf61\libepd.a(front36.cpp.o)
                              display_utils.cpp.o (symbol from plugin) (Font36)
.pio\build\328p8m\libf61\libepd.a(imagedata.cpp.o)
                              display_utils.cpp.o (symbol from plugin) (IMAGE_DATA_ICON)
c:/users/zcq/.platformio/packages/toolchain-atmelavr/bin/../lib/gcc/avr/7.3.0/avr5\libgcc.a(_exit.o)
                              c:/users/zcq/.platformio/packages/toolchain-atmelavr/bin/../lib/gcc/avr/7.3.0/../../../../avr/lib/avr5/crtatmega328p.o (exit)
c:/users/zcq/.platformio/packages/toolchain-atmelavr/bin/../lib/gcc/avr/7.3.0/../../../../avr/lib/avr5\libc.a(dtostrf.o)
                              WString.cpp.o (symbol from plugin) (dtostrf)
c:/users/zcq/.platformio/packages/toolchain-atmelavr/bin/../lib/gcc/avr/7.3.0/../../../../avr/lib/avr5\libc.a(atof.o)
                              WString.cpp.o (symbol from plugin) (atof)
c:/users/zcq/.platformio/packages/toolchain-atmelavr/bin/../lib/gcc/avr/7.3.0/../../../../avr/lib/avr5\libc.a(atol.o)
                              WString.cpp.o (symbol from plugin) (atol)
[...]
Memory Configuration

Name             Origin             Length             Attributes
text             0x00000000         0x00020000         xr
data             0x00800060         0x0000ffa0         rw !x
eeprom           0x00810000         0x00010000         rw !x
fuse             0x00820000         0x00000003         rw !x
lock             0x00830000         0x00000400         rw !x
signature        0x00840000         0x00000400         rw !x
user_signatures  0x00850000         0x00000400         rw !x
*default*        0x00000000         0xffffffff

Linker script and memory map

Address of section .data set to 0x800100
LOAD c:/users/zcq/.platformio/packages/toolchain-atmelavr/bin/../lib/gcc/avr/7.3.0/../../../../avr/lib/avr5/crtatmega328p.o
LOAD .pio\build\328p8m\src\main.cpp.o
LOAD C:\Users\zcq\AppData\Local\Temp\ccBf91DA.ltrans0.ltrans.o
START GROUP
LOAD .pio\build\328p8m\libaf3\libWire.a
LOAD .pio\build\328p8m\libd24\libSPI.a
LOAD .pio\build\328p8m\lib824\libAdafruit BusIO.a
LOAD .pio\build\328p8m\libeab\libRTClib.a
LOAD .pio\build\328p8m\lib888\libbattery.a
LOAD .pio\build\328p8m\libf61\libepd.a
LOAD .pio\build\328p8m\libc93\libeeprom_utils.a
LOAD .pio\build\328p8m\libd87\libdisplay_utils.a
LOAD .pio\build\328p8m\libFrameworkArduinoVariant.a
LOAD .pio\build\328p8m\libFrameworkArduino.a
END GROUP
LOAD c:/users/zcq/.platformio/packages/toolchain-atmelavr/bin/../lib/gcc/avr/7.3.0/avr5\libgcc.a
LOAD c:/users/zcq/.platformio/packages/toolchain-atmelavr/bin/../lib/gcc/avr/7.3.0/../../../../avr/lib/avr5\libm.a
START GROUP
LOAD c:/users/zcq/.platformio/packages/toolchain-atmelavr/bin/../lib/gcc/avr/7.3.0/avr5\libgcc.a
LOAD c:/users/zcq/.platformio/packages/toolchain-atmelavr/bin/../lib/gcc/avr/7.3.0/../../../../avr/lib/avr5\libm.a
LOAD c:/users/zcq/.platformio/packages/toolchain-atmelavr/bin/../lib/gcc/avr/7.3.0/../../../../avr/lib/avr5\libc.a
LOAD c:/users/zcq/.platformio/packages/toolchain-atmelavr/bin/../lib/gcc/avr/7.3.0/../../../../avr/lib/avr5\libatmega328p.a
END GROUP
                0x00020000                __TEXT_REGION_LENGTH__ = DEFINED (__TEXT_REGION_LENGTH__)?__TEXT_REGION_LENGTH__:0x20000
                0x0000ffa0                __DATA_REGION_LENGTH__ = DEFINED (__DATA_REGION_LENGTH__)?__DATA_REGION_LENGTH__:0xffa0
                0x00010000                __EEPROM_REGION_LENGTH__ = DEFINED (__EEPROM_REGION_LENGTH__)?__EEPROM_REGION_LENGTH__:0x10000
                [0x00000003]                __FUSE_REGION_LENGTH__ = DEFINED (__FUSE_REGION_LENGTH__)?__FUSE_REGION_LENGTH__:0x400
                0x00000400                __LOCK_REGION_LENGTH__ = DEFINED (__LOCK_REGION_LENGTH__)?__LOCK_REGION_LENGTH__:0x400
                0x00000400                __SIGNATURE_REGION_LENGTH__ = DEFINED (__SIGNATURE_REGION_LENGTH__)?__SIGNATURE_REGION_LENGTH__:0x400
                0x00000400                __USER_SIGNATURE_REGION_LENGTH__ = DEFINED (__USER_SIGNATURE_REGION_LENGTH__)?__USER_SIGNATURE_REGION_LENGTH__:0x400

.hash
 *(.hash)

.dynsym
 *(.dynsym)

.dynstr
 *(.dynstr)

.gnu.version
 *(.gnu.version)

.gnu.version_d
 *(.gnu.version_d)

.gnu.version_r
 *(.gnu.version_r)

.rel.init
 *(.rel.init)

.rela.init
 *(.rela.init)

.rel.text
 *(.rel.text)
 *(.rel.text.*)
 *(.rel.gnu.linkonce.t*)

.rela.text
 *(.rela.text)
 *(.rela.text.*)
 *(.rela.gnu.linkonce.t*)

.rel.fini
 *(.rel.fini)

.rela.fini
 *(.rela.fini)

.rel.rodata
 *(.rel.rodata)
 *(.rel.rodata.*)
 *(.rel.gnu.linkonce.r*)

.rela.rodata
 *(.rela.rodata)
 *(.rela.rodata.*)
 *(.rela.gnu.linkonce.r*)

.rel.data
 *(.rel.data)
 *(.rel.data.*)
 *(.rel.gnu.linkonce.d*)

.rela.data
 *(.rela.data)
 *(.rela.data.*)
 *(.rela.gnu.linkonce.d*)

.rel.ctors
 *(.rel.ctors)

.rela.ctors
 *(.rela.ctors)

.rel.dtors
 *(.rel.dtors)

.rela.dtors
 *(.rela.dtors)

.rel.got
 *(.rel.got)

.rela.got
 *(.rela.got)

.rel.bss
 *(.rel.bss)

.rela.bss
 *(.rela.bss)

.rel.plt
 *(.rel.plt)

.rela.plt
 *(.rela.plt)

.text           0x00000000     0x6af8
 *(.vectors)
 .vectors       0x00000000       0x68 c:/users/zcq/.platformio/packages/toolchain-atmelavr/bin/../lib/gcc/avr/7.3.0/../../../../avr/lib/avr5/crtatmega328p.o
                0x00000000                __vector_default
                0x00000000                __vectors
 *(.vectors)
 *(.progmem.gcc*)
                0x00000068                . = ALIGN (0x2)
                0x00000068                __trampolines_start = .
 *(.trampolines)
 .trampolines   0x00000068        0x0 linker stubs
 *(.trampolines*)
                0x00000068                __trampolines_end = .
 *libprintf_flt.a:*(.progmem.data)
 *libc.a:*(.progmem.data)
 *(.progmem*)
 .progmem.data  0x00000068     0x2ca2 C:\Users\zcq\AppData\Local\Temp\ccBf91DA.ltrans0.ltrans.o
                0x00002d0a                . = ALIGN (0x2)
 *(.jumptables)
 *(.jumptables*)
 *(.lowtext)
 *(.lowtext*)
                0x00002d0a                __ctors_start = .
 *(.ctors)
 .ctors         0x00002d0a        0x2 C:\Users\zcq\AppData\Local\Temp\ccBf91DA.ltrans0.ltrans.o
                0x00002d0c                __ctors_end = .
                0x00002d0c                __dtors_start = .
 *(.dtors)
                0x00002d0c                __dtors_end = .
 SORT(*)(.ctors)
 SORT(*)(.dtors)
 *(.init0)
 .init0         0x00002d0c        0x0 c:/users/zcq/.platformio/packages/toolchain-atmelavr/bin/../lib/gcc/avr/7.3.0/../../../../avr/lib/avr5/crtatmega328p.o
                0x00002d0c                __init
 *(.init0)
 *(.init1)
 *(.init1)
 *(.init2)
 .init2         0x00002d0c        0xc c:/users/zcq/.platformio/packages/toolchain-atmelavr/bin/../lib/gcc/avr/7.3.0/../../../../avr/lib/avr5/crtatmega328p.o
 *(.init2)
 *(.init3)
 *(.init3)
 *(.init4)
 .init4         0x00002d18       0x10 c:/users/zcq/.platformio/packages/toolchain-atmelavr/bin/../lib/gcc/avr/7.3.0/avr5\libgcc.a(_clear_bss.o)
                0x00002d18                __do_clear_bss
 .init4         0x00002d28       0x16 c:/users/zcq/.platformio/packages/toolchain-atmelavr/bin/../lib/gcc/avr/7.3.0/avr5\libgcc.a(_copy_data.o)
                0x00002d28                __do_copy_data
 *(.init4)
 *(.init5)
 *(.init5)
 *(.init6)
 .init6         0x00002d3e       0x16 c:/users/zcq/.platformio/packages/toolchain-atmelavr/bin/../lib/gcc/avr/7.3.0/avr5\libgcc.a(_ctors.o)
                0x00002d3e                __do_global_ctors
 *(.init6)
 *(.init7)
 *(.init7)
 *(.init8)
 *(.init8)
 *(.init9)
 .init9         0x00002d54        0x8 c:/users/zcq/.platformio/packages/toolchain-atmelavr/bin/../lib/gcc/avr/7.3.0/../../../../avr/lib/avr5/crtatmega328p.o
 *(.init9)
 *(.text)
 .text          0x00002d5c        0x4 c:/users/zcq/.platformio/packages/toolchain-atmelavr/bin/../lib/gcc/avr/7.3.0/../../../../avr/lib/avr5/crtatmega328p.o
                0x00002d5c                __vector_22
                0x00002d5c                __vector_12
                0x00002d5c                __bad_interrupt
                0x00002d5c                __vector_6
                0x00002d5c                __vector_23
                0x00002d5c                __vector_25
                0x00002d5c                __vector_11
                0x00002d5c                __vector_13
                0x00002d5c                __vector_17
                0x00002d5c                __vector_7
                0x00002d5c                __vector_5
                0x00002d5c                __vector_9
                0x00002d5c                __vector_21
                0x00002d5c                __vector_15
                0x00002d5c                __vector_8
                0x00002d5c                __vector_14
                0x00002d5c                __vector_10
                0x00002d5c                __vector_20
 .text          0x00002d60     0x2bd8 C:\Users\zcq\AppData\Local\Temp\ccBf91DA.ltrans0.ltrans.o
                0x00005536                __vector_16
                0x000055ca                __vector_19
                0x00005616                __vector_18
                0x0000567a                __vector_24
                0x000058b8                __vector_4
                0x000058da                __vector_3
                0x000058fc                __vector_2
                0x0000591a                __vector_1
                0x00005938                . = ALIGN (0x2)
 *(.text.*)
 .text.unlikely
                0x00005938       0x5a C:\Users\zcq\AppData\Local\Temp\ccBf91DA.ltrans0.ltrans.o
 .text.startup  0x00005992      0x7ca C:\Users\zcq\AppData\Local\Temp\ccBf91DA.ltrans0.ltrans.o
                0x00005a8e                main
 .text.avr-libc
                0x0000615c       0x10 c:/users/zcq/.platformio/packages/toolchain-atmelavr/bin/../lib/gcc/avr/7.3.0/../../../../avr/lib/avr5\libatmega328p.a(eerd_byte.o)
                0x0000615c                eeprom_read_byte
 .text.avr-libc
                0x0000616c       0x1c c:/users/zcq/.platformio/packages/toolchain-atmelavr/bin/../lib/gcc/avr/7.3.0/../../../../avr/lib/avr5\libatmega328p.a(eewr_byte.o)
                0x0000616c                eeprom_write_byte
                0x0000616e                eeprom_write_r18
 .text.libgcc.mul
                0x00006188       0x16 c:/users/zcq/.platformio/packages/toolchain-atmelavr/bin/../lib/gcc/avr/7.3.0/avr5\libgcc.a(_muluhisi3.o)
                0x00006188                __muluhisi3
 .text.libgcc.prologue
                0x0000619e       0x38 c:/users/zcq/.platformio/packages/toolchain-atmelavr/bin/../lib/gcc/avr/7.3.0/avr5\libgcc.a(_prologue.o)
                0x0000619e                __prologue_saves__
 .text.libgcc.prologue
                0x000061d6       0x36 c:/users/zcq/.platformio/packages/toolchain-atmelavr/bin/../lib/gcc/avr/7.3.0/avr5\libgcc.a(_epilogue.o)
                0x000061d6                __epilogue_restores__
 .text.libgcc.mul
                0x0000620c       0x1e c:/users/zcq/.platformio/packages/toolchain-atmelavr/bin/../lib/gcc/avr/7.3.0/avr5\libgcc.a(_umulhisi3.o)
                0x0000620c                __umulhisi3
 .text.libgcc.mul
                0x0000622a       0x20 c:/users/zcq/.platformio/packages/toolchain-atmelavr/bin/../lib/gcc/avr/7.3.0/avr5\libgcc.a(_mulsi3.o)
                0x0000622a                __mulsi3
 .text.libgcc.div
                0x0000624a       0x18 c:/users/zcq/.platformio/packages/toolchain-atmelavr/bin/../lib/gcc/avr/7.3.0/avr5\libgcc.a(_udivmodqi4.o)
                0x0000624a                __udivmodqi4
 .text.libgcc.div
                0x00006262       0x28 c:/users/zcq/.platformio/packages/toolchain-atmelavr/bin/../lib/gcc/avr/7.3.0/avr5\libgcc.a(_divmodhi4.o)
                0x00006262                _div
                0x00006262                __divmodhi4
 .text.libgcc.div
                0x0000628a       0x44 c:/users/zcq/.platformio/packages/toolchain-atmelavr/bin/../lib/gcc/avr/7.3.0/avr5\libgcc.a(_udivmodsi4.o)
                0x0000628a                __udivmodsi4
 .text.libgcc.div
                0x000062ce       0x2e c:/users/zcq/.platformio/packages/toolchain-atmelavr/bin/../lib/gcc/avr/7.3.0/avr5\libgcc.a(_divmodsi4.o)
                0x000062ce                __divmodsi4
 .text.libgcc.div
                0x000062fc       0x10 c:/users/zcq/.platformio/packages/toolchain-atmelavr/bin/../lib/gcc/avr/7.3.0/avr5\libgcc.a(_negsi2.o)
                0x000062fc                __negsi2
 .text.libgcc.div
                0x0000630c       0x28 c:/users/zcq/.platformio/packages/toolchain-atmelavr/bin/../lib/gcc/avr/7.3.0/avr5\libgcc.a(_udivmodhi4.o)
                0x0000630c                __udivmodhi4
 .text.libgcc   0x00006334        0xc c:/users/zcq/.platformio/packages/toolchain-atmelavr/bin/../lib/gcc/avr/7.3.0/avr5\libgcc.a(_tablejump2.o)
                0x00006334                __tablejump2__
 .text.avr-libc
                0x00006340      0x24a c:/users/zcq/.platformio/packages/toolchain-atmelavr/bin/../lib/gcc/avr/7.3.0/../../../../avr/lib/avr5\libc.a(malloc.o)
                0x00006340                malloc
                0x00006478                free
 .text.avr-libc
                0x0000658a        0xe c:/users/zcq/.platformio/packages/toolchain-atmelavr/bin/../lib/gcc/avr/7.3.0/../../../../avr/lib/avr5\libc.a(strcpy.o)
                0x0000658a                strcpy
 .text.avr-libc
                0x00006598       0x60 c:/users/zcq/.platformio/packages/toolchain-atmelavr/bin/../lib/gcc/avr/7.3.0/../../../../avr/lib/avr5\libc.a(snprintf.o)
                0x00006598                snprintf
 .text.avr-libc
                0x000065f8      0x3b4 c:/users/zcq/.platformio/packages/toolchain-atmelavr/bin/../lib/gcc/avr/7.3.0/../../../../avr/lib/avr5\libc.a(vfprintf_std.o)
                0x000065f8                vfprintf
 .text.avr-libc
                0x000069ac       0x16 c:/users/zcq/.platformio/packages/toolchain-atmelavr/bin/../lib/gcc/avr/7.3.0/../../../../avr/lib/avr5\libc.a(strnlen_P.o)
                0x000069ac                strnlen_P
 .text.avr-libc
                0x000069c2       0x16 c:/users/zcq/.platformio/packages/toolchain-atmelavr/bin/../lib/gcc/avr/7.3.0/../../../../avr/lib/avr5\libc.a(strnlen.o)
                0x000069c2                strnlen
 .text.avr-libc
                0x000069d8       0x60 c:/users/zcq/.platformio/packages/toolchain-atmelavr/bin/../lib/gcc/avr/7.3.0/../../../../avr/lib/avr5\libc.a(fputc.o)
                0x000069d8                fputc
 .text.avr-libc
                0x00006a38       0xbc c:/users/zcq/.platformio/packages/toolchain-atmelavr/bin/../lib/gcc/avr/7.3.0/../../../../avr/lib/avr5\libc.a(ultoa_invert.o)
                0x00006a38                __ultoa_invert
                0x00006af4                . = ALIGN (0x2)
 *(.fini9)
 .fini9         0x00006af4        0x0 c:/users/zcq/.platformio/packages/toolchain-atmelavr/bin/../lib/gcc/avr/7.3.0/avr5\libgcc.a(_exit.o)
                0x00006af4                _exit
                0x00006af4                exit
 *(.fini9)
 *(.fini8)
 *(.fini8)
 *(.fini7)
 *(.fini7)
 *(.fini6)
 *(.fini6)
 *(.fini5)
 *(.fini5)
 *(.fini4)
 *(.fini4)
 *(.fini3)
 *(.fini3)
 *(.fini2)
 *(.fini2)
 *(.fini1)
 *(.fini1)
 *(.fini0)
 .fini0         0x00006af4        0x4 c:/users/zcq/.platformio/packages/toolchain-atmelavr/bin/../lib/gcc/avr/7.3.0/avr5\libgcc.a(_exit.o)
 *(.fini0)
                0x00006af8                _etext = .

.data           0x00800100      0x1d2 load address 0x00006af8
                0x00800100                PROVIDE (__data_start, .)
 *(.data)
 .data          0x00800100      0x14f C:\Users\zcq\AppData\Local\Temp\ccBf91DA.ltrans0.ltrans.o
 .data          0x0080024f        0x6 c:/users/zcq/.platformio/packages/toolchain-atmelavr/bin/../lib/gcc/avr/7.3.0/../../../../avr/lib/avr5\libc.a(malloc.o)
                0x0080024f                __malloc_heap_end
                0x00800251                __malloc_heap_start
                0x00800253                __malloc_margin
 *(.data*)
 *(.gnu.linkonce.d*)
 *(.rodata)
 .rodata        0x00800255       0x2a C:\Users\zcq\AppData\Local\Temp\ccBf91DA.ltrans0.ltrans.o
 *(.rodata*)
 .rodata.str1.1
                0x0080027f       0x53 C:\Users\zcq\AppData\Local\Temp\ccBf91DA.ltrans0.ltrans.o
 *(.gnu.linkonce.r*)
                0x008002d2                . = ALIGN (0x2)
                0x008002d2                _edata = .
                0x008002d2                PROVIDE (__data_end, .)

.bss            0x008002d2      0x3bf
                0x008002d2                PROVIDE (__bss_start, .)
 *(.bss)
 .bss           0x008002d2      0x3bb C:\Users\zcq\AppData\Local\Temp\ccBf91DA.ltrans0.ltrans.o
 *(.bss*)
 *(COMMON)
 COMMON         0x0080068d        0x4 c:/users/zcq/.platformio/packages/toolchain-atmelavr/bin/../lib/gcc/avr/7.3.0/../../../../avr/lib/avr5\libc.a(malloc.o)
                0x0080068d                __brkval
                0x0080068f                __flp
                0x00800691                PROVIDE (__bss_end, .)
                0x00006af8                __data_load_start = LOADADDR (.data)
                0x00006cca                __data_load_end = (__data_load_start + SIZEOF (.data))

.noinit         0x00800691        0x0
                [!provide]                PROVIDE (__noinit_start, .)
 *(.noinit*)
                [!provide]                PROVIDE (__noinit_end, .)
                0x00800691                _end = .
                0x00800691                PROVIDE (__heap_start, .)

.eeprom         0x00810000        0x0
 *(.eeprom*)
                0x00810000                __eeprom_end = .

.fuse
 *(.fuse)
 *(.lfuse)
 *(.hfuse)
 *(.efuse)

.lock
 *(.lock*)

.signature
 *(.signature*)

.user_signatures
 *(.user_signatures*)

.stab
 *(.stab)

.stabstr
 *(.stabstr)

.stab.excl
 *(.stab.excl)

.stab.exclstr
 *(.stab.exclstr)

.stab.index
 *(.stab.index)

.stab.indexstr
 *(.stab.indexstr)

.comment        0x00000000       0x11
 *(.comment)
 .comment       0x00000000       0x11 C:\Users\zcq\AppData\Local\Temp\ccBf91DA.ltrans0.ltrans.o
                                 0x12 (size before relaxing)
 .comment       0x00000011       0x12 c:/users/zcq/.platformio/packages/toolchain-atmelavr/bin/../lib/gcc/avr/7.3.0/../../../../avr/lib/avr5\libc.a(malloc.o)
 .comment       0x00000011       0x12 c:/users/zcq/.platformio/packages/toolchain-atmelavr/bin/../lib/gcc/avr/7.3.0/../../../../avr/lib/avr5\libc.a(snprintf.o)
 .comment       0x00000011       0x12 c:/users/zcq/.platformio/packages/toolchain-atmelavr/bin/../lib/gcc/avr/7.3.0/../../../../avr/lib/avr5\libc.a(vfprintf_std.o)
 .comment       0x00000011       0x12 c:/users/zcq/.platformio/packages/toolchain-atmelavr/bin/../lib/gcc/avr/7.3.0/../../../../avr/lib/avr5\libc.a(fputc.o)

.note.gnu.avr.deviceinfo
                0x00000000       0x40
 .note.gnu.avr.deviceinfo
                0x00000000       0x40 c:/users/zcq/.platformio/packages/toolchain-atmelavr/bin/../lib/gcc/avr/7.3.0/../../../../avr/lib/avr5/crtatmega328p.o

.note.gnu.build-id
 *(.note.gnu.build-id)

.debug
 *(.debug)

.line
 *(.line)

.debug_srcinfo
 *(.debug_srcinfo)

.debug_sfnames
 *(.debug_sfnames)

.debug_aranges  0x00000000      0x200
 *(.debug_aranges)
 .debug_aranges
                0x00000000       0x20 c:/users/zcq/.platformio/packages/toolchain-atmelavr/bin/../lib/gcc/avr/7.3.0/avr5\libgcc.a(_exit.o)
 .debug_aranges
                0x00000020       0x20 c:/users/zcq/.platformio/packages/toolchain-atmelavr/bin/../lib/gcc/avr/7.3.0/avr5\libgcc.a(_clear_bss.o)
 .debug_aranges
                0x00000040       0x20 c:/users/zcq/.platformio/packages/toolchain-atmelavr/bin/../lib/gcc/avr/7.3.0/avr5\libgcc.a(_muluhisi3.o)
 .debug_aranges
                0x00000060       0x20 c:/users/zcq/.platformio/packages/toolchain-atmelavr/bin/../lib/gcc/avr/7.3.0/avr5\libgcc.a(_prologue.o)
 .debug_aranges
                0x00000080       0x20 c:/users/zcq/.platformio/packages/toolchain-atmelavr/bin/../lib/gcc/avr/7.3.0/avr5\libgcc.a(_epilogue.o)
 .debug_aranges
                0x000000a0       0x20 c:/users/zcq/.platformio/packages/toolchain-atmelavr/bin/../lib/gcc/avr/7.3.0/avr5\libgcc.a(_umulhisi3.o)
 .debug_aranges
                0x000000c0       0x20 c:/users/zcq/.platformio/packages/toolchain-atmelavr/bin/../lib/gcc/avr/7.3.0/avr5\libgcc.a(_mulsi3.o)
 .debug_aranges
                0x000000e0       0x20 c:/users/zcq/.platformio/packages/toolchain-atmelavr/bin/../lib/gcc/avr/7.3.0/avr5\libgcc.a(_udivmodqi4.o)
 .debug_aranges
                0x00000100       0x20 c:/users/zcq/.platformio/packages/toolchain-atmelavr/bin/../lib/gcc/avr/7.3.0/avr5\libgcc.a(_divmodhi4.o)
 .debug_aranges
                0x00000120       0x20 c:/users/zcq/.platformio/packages/toolchain-atmelavr/bin/../lib/gcc/avr/7.3.0/avr5\libgcc.a(_udivmodsi4.o)
 .debug_aranges
                0x00000140       0x20 c:/users/zcq/.platformio/packages/toolchain-atmelavr/bin/../lib/gcc/avr/7.3.0/avr5\libgcc.a(_divmodsi4.o)
 .debug_aranges
                0x00000160       0x20 c:/users/zcq/.platformio/packages/toolchain-atmelavr/bin/../lib/gcc/avr/7.3.0/avr5\libgcc.a(_negsi2.o)
 .debug_aranges
                0x00000180       0x20 c:/users/zcq/.platformio/packages/toolchain-atmelavr/bin/../lib/gcc/avr/7.3.0/avr5\libgcc.a(_copy_data.o)
 .debug_aranges
                0x000001a0       0x20 c:/users/zcq/.platformio/packages/toolchain-atmelavr/bin/../lib/gcc/avr/7.3.0/avr5\libgcc.a(_ctors.o)
 .debug_aranges
                0x000001c0       0x20 c:/users/zcq/.platformio/packages/toolchain-atmelavr/bin/../lib/gcc/avr/7.3.0/avr5\libgcc.a(_udivmodhi4.o)
 .debug_aranges
                0x000001e0       0x20 c:/users/zcq/.platformio/packages/toolchain-atmelavr/bin/../lib/gcc/avr/7.3.0/avr5\libgcc.a(_tablejump2.o)

.debug_pubnames
 *(.debug_pubnames)

.debug_info     0x00000000     0x11a4
 *(.debug_info .gnu.linkonce.wi.*)
 .debug_info    0x00000000      0x5f4 c:/users/zcq/.platformio/packages/toolchain-atmelavr/bin/../lib/gcc/avr/7.3.0/../../../../avr/lib/avr5/crtatmega328p.o
 .debug_info    0x000005f4       0xbb c:/users/zcq/.platformio/packages/toolchain-atmelavr/bin/../lib/gcc/avr/7.3.0/avr5\libgcc.a(_exit.o)
 .debug_info    0x000006af       0xbb c:/users/zcq/.platformio/packages/toolchain-atmelavr/bin/../lib/gcc/avr/7.3.0/avr5\libgcc.a(_clear_bss.o)
 .debug_info    0x0000076a       0xbb c:/users/zcq/.platformio/packages/toolchain-atmelavr/bin/../lib/gcc/avr/7.3.0/avr5\libgcc.a(_muluhisi3.o)
 .debug_info    0x00000825       0xbb c:/users/zcq/.platformio/packages/toolchain-atmelavr/bin/../lib/gcc/avr/7.3.0/avr5\libgcc.a(_prologue.o)
 .debug_info    0x000008e0       0xbb c:/users/zcq/.platformio/packages/toolchain-atmelavr/bin/../lib/gcc/avr/7.3.0/avr5\libgcc.a(_epilogue.o)
 .debug_info    0x0000099b       0xbb c:/users/zcq/.platformio/packages/toolchain-atmelavr/bin/../lib/gcc/avr/7.3.0/avr5\libgcc.a(_umulhisi3.o)
 .debug_info    0x00000a56       0xbb c:/users/zcq/.platformio/packages/toolchain-atmelavr/bin/../lib/gcc/avr/7.3.0/avr5\libgcc.a(_mulsi3.o)
 .debug_info    0x00000b11       0xbb c:/users/zcq/.platformio/packages/toolchain-atmelavr/bin/../lib/gcc/avr/7.3.0/avr5\libgcc.a(_udivmodqi4.o)
 .debug_info    0x00000bcc       0xbb c:/users/zcq/.platformio/packages/toolchain-atmelavr/bin/../lib/gcc/avr/7.3.0/avr5\libgcc.a(_divmodhi4.o)
 .debug_info    0x00000c87       0xbb c:/users/zcq/.platformio/packages/toolchain-atmelavr/bin/../lib/gcc/avr/7.3.0/avr5\libgcc.a(_udivmodsi4.o)
 .debug_info    0x00000d42       0xbb c:/users/zcq/.platformio/packages/toolchain-atmelavr/bin/../lib/gcc/avr/7.3.0/avr5\libgcc.a(_divmodsi4.o)
 .debug_info    0x00000dfd       0xbb c:/users/zcq/.platformio/packages/toolchain-atmelavr/bin/../lib/gcc/avr/7.3.0/avr5\libgcc.a(_negsi2.o)
 .debug_info    0x00000eb8       0xbb c:/users/zcq/.platformio/packages/toolchain-atmelavr/bin/../lib/gcc/avr/7.3.0/avr5\libgcc.a(_copy_data.o)
 .debug_info    0x00000f73       0xbb c:/users/zcq/.platformio/packages/toolchain-atmelavr/bin/../lib/gcc/avr/7.3.0/avr5\libgcc.a(_ctors.o)
 .debug_info    0x0000102e       0xbb c:/users/zcq/.platformio/packages/toolchain-atmelavr/bin/../lib/gcc/avr/7.3.0/avr5\libgcc.a(_udivmodhi4.o)
 .debug_info    0x000010e9       0xbb c:/users/zcq/.platformio/packages/toolchain-atmelavr/bin/../lib/gcc/avr/7.3.0/avr5\libgcc.a(_tablejump2.o)

.debug_abbrev   0x00000000      0x6e2
 *(.debug_abbrev)
 .debug_abbrev  0x00000000      0x5a2 c:/users/zcq/.platformio/packages/toolchain-atmelavr/bin/../lib/gcc/avr/7.3.0/../../../../avr/lib/avr5/crtatmega328p.o
 .debug_abbrev  0x000005a2       0x14 c:/users/zcq/.platformio/packages/toolchain-atmelavr/bin/../lib/gcc/avr/7.3.0/avr5\libgcc.a(_exit.o)
 .debug_abbrev  0x000005b6       0x14 c:/users/zcq/.platformio/packages/toolchain-atmelavr/bin/../lib/gcc/avr/7.3.0/avr5\libgcc.a(_clear_bss.o)
 .debug_abbrev  0x000005ca       0x14 c:/users/zcq/.platformio/packages/toolchain-atmelavr/bin/../lib/gcc/avr/7.3.0/avr5\libgcc.a(_muluhisi3.o)
 .debug_abbrev  0x000005de       0x14 c:/users/zcq/.platformio/packages/toolchain-atmelavr/bin/../lib/gcc/avr/7.3.0/avr5\libgcc.a(_prologue.o)
 .debug_abbrev  0x000005f2       0x14 c:/users/zcq/.platformio/packages/toolchain-atmelavr/bin/../lib/gcc/avr/7.3.0/avr5\libgcc.a(_epilogue.o)
 .debug_abbrev  0x00000606       0x14 c:/users/zcq/.platformio/packages/toolchain-atmelavr/bin/../lib/gcc/avr/7.3.0/avr5\libgcc.a(_umulhisi3.o)
 .debug_abbrev  0x0000061a       0x14 c:/users/zcq/.platformio/packages/toolchain-atmelavr/bin/../lib/gcc/avr/7.3.0/avr5\libgcc.a(_mulsi3.o)
 .debug_abbrev  0x0000062e       0x14 c:/users/zcq/.platformio/packages/toolchain-atmelavr/bin/../lib/gcc/avr/7.3.0/avr5\libgcc.a(_udivmodqi4.o)
 .debug_abbrev  0x00000642       0x14 c:/users/zcq/.platformio/packages/toolchain-atmelavr/bin/../lib/gcc/avr/7.3.0/avr5\libgcc.a(_divmodhi4.o)
 .debug_abbrev  0x00000656       0x14 c:/users/zcq/.platformio/packages/toolchain-atmelavr/bin/../lib/gcc/avr/7.3.0/avr5\libgcc.a(_udivmodsi4.o)
 .debug_abbrev  0x0000066a       0x14 c:/users/zcq/.platformio/packages/toolchain-atmelavr/bin/../lib/gcc/avr/7.3.0/avr5\libgcc.a(_divmodsi4.o)
 .debug_abbrev  0x0000067e       0x14 c:/users/zcq/.platformio/packages/toolchain-atmelavr/bin/../lib/gcc/avr/7.3.0/avr5\libgcc.a(_negsi2.o)
 .debug_abbrev  0x00000692       0x14 c:/users/zcq/.platformio/packages/toolchain-atmelavr/bin/../lib/gcc/avr/7.3.0/avr5\libgcc.a(_copy_data.o)
 .debug_abbrev  0x000006a6       0x14 c:/users/zcq/.platformio/packages/toolchain-atmelavr/bin/../lib/gcc/avr/7.3.0/avr5\libgcc.a(_ctors.o)
 .debug_abbrev  0x000006ba       0x14 c:/users/zcq/.platformio/packages/toolchain-atmelavr/bin/../lib/gcc/avr/7.3.0/avr5\libgcc.a(_udivmodhi4.o)
 .debug_abbrev  0x000006ce       0x14 c:/users/zcq/.platformio/packages/toolchain-atmelavr/bin/../lib/gcc/avr/7.3.0/avr5\libgcc.a(_tablejump2.o)

.debug_line     0x00000000      0xb14
 *(.debug_line .debug_line.* .debug_line_end)
 .debug_line    0x00000000       0x1a c:/users/zcq/.platformio/packages/toolchain-atmelavr/bin/../lib/gcc/avr/7.3.0/../../../../avr/lib/avr5/crtatmega328p.o
 .debug_line    0x0000001a       0x62 c:/users/zcq/.platformio/packages/toolchain-atmelavr/bin/../lib/gcc/avr/7.3.0/avr5\libgcc.a(_exit.o)
 .debug_line    0x0000007c       0x86 c:/users/zcq/.platformio/packages/toolchain-atmelavr/bin/../lib/gcc/avr/7.3.0/avr5\libgcc.a(_clear_bss.o)
 .debug_line    0x00000102       0x92 c:/users/zcq/.platformio/packages/toolchain-atmelavr/bin/../lib/gcc/avr/7.3.0/avr5\libgcc.a(_muluhisi3.o)
 .debug_line    0x00000194       0xfe c:/users/zcq/.platformio/packages/toolchain-atmelavr/bin/../lib/gcc/avr/7.3.0/avr5\libgcc.a(_prologue.o)
 .debug_line    0x00000292       0xf8 c:/users/zcq/.platformio/packages/toolchain-atmelavr/bin/../lib/gcc/avr/7.3.0/avr5\libgcc.a(_epilogue.o)
 .debug_line    0x0000038a       0xb0 c:/users/zcq/.platformio/packages/toolchain-atmelavr/bin/../lib/gcc/avr/7.3.0/avr5\libgcc.a(_umulhisi3.o)
 .debug_line    0x0000043a       0xb0 c:/users/zcq/.platformio/packages/toolchain-atmelavr/bin/../lib/gcc/avr/7.3.0/avr5\libgcc.a(_mulsi3.o)
 .debug_line    0x000004ea       0x9e c:/users/zcq/.platformio/packages/toolchain-atmelavr/bin/../lib/gcc/avr/7.3.0/avr5\libgcc.a(_udivmodqi4.o)
 .debug_line    0x00000588       0xc8 c:/users/zcq/.platformio/packages/toolchain-atmelavr/bin/../lib/gcc/avr/7.3.0/avr5\libgcc.a(_divmodhi4.o)
 .debug_line    0x00000650      0x122 c:/users/zcq/.platformio/packages/toolchain-atmelavr/bin/../lib/gcc/avr/7.3.0/avr5\libgcc.a(_udivmodsi4.o)
 .debug_line    0x00000772       0xce c:/users/zcq/.platformio/packages/toolchain-atmelavr/bin/../lib/gcc/avr/7.3.0/avr5\libgcc.a(_divmodsi4.o)
 .debug_line    0x00000840       0x62 c:/users/zcq/.platformio/packages/toolchain-atmelavr/bin/../lib/gcc/avr/7.3.0/avr5\libgcc.a(_negsi2.o)
 .debug_line    0x000008a2       0x98 c:/users/zcq/.platformio/packages/toolchain-atmelavr/bin/../lib/gcc/avr/7.3.0/avr5\libgcc.a(_copy_data.o)
 .debug_line    0x0000093a       0x92 c:/users/zcq/.platformio/packages/toolchain-atmelavr/bin/../lib/gcc/avr/7.3.0/avr5\libgcc.a(_ctors.o)
 .debug_line    0x000009cc       0xce c:/users/zcq/.platformio/packages/toolchain-atmelavr/bin/../lib/gcc/avr/7.3.0/avr5\libgcc.a(_udivmodhi4.o)
 .debug_line    0x00000a9a       0x7a c:/users/zcq/.platformio/packages/toolchain-atmelavr/bin/../lib/gcc/avr/7.3.0/avr5\libgcc.a(_tablejump2.o)

.debug_frame
 *(.debug_frame)

.debug_str      0x00000000      0x208
 *(.debug_str)
 .debug_str     0x00000000      0x208 c:/users/zcq/.platformio/packages/toolchain-atmelavr/bin/../lib/gcc/avr/7.3.0/../../../../avr/lib/avr5/crtatmega328p.o

.debug_loc
 *(.debug_loc)

.debug_macinfo
 *(.debug_macinfo)

.debug_weaknames
 *(.debug_weaknames)

.debug_funcnames
 *(.debug_funcnames)

.debug_typenames
 *(.debug_typenames)

.debug_varnames
 *(.debug_varnames)

.debug_pubtypes
 *(.debug_pubtypes)

.debug_ranges
 *(.debug_ranges)

.debug_macro
 *(.debug_macro)
OUTPUT(.pio\build\328p8m\firmware.elf elf32-avr)
LOAD linker stubs
